2026/02/05 15:42:29 [notice] 1#1: using the "epoll" event method
2026/02/05 15:42:29 [notice] 1#1: nginx/1.29.5
2026/02/05 15:42:29 [notice] 1#1: built by gcc 14.2.0 (Debian 14.2.0-19) 
2026/02/05 15:42:29 [notice] 1#1: OS: Linux 5.15.167.4-microsoft-standard-WSL2
2026/02/05 15:42:29 [notice] 1#1: getrlimit(RLIMIT_NOFILE): 1048576:1048576
2026/02/05 15:42:29 [notice] 1#1: start worker processes
2026/02/05 15:42:29 [notice] 1#1: start worker process 29
2026/02/05 15:42:29 [notice] 1#1: start worker process 30
2026/02/05 15:42:29 [notice] 1#1: start worker process 31
2026/02/05 15:42:29 [notice] 1#1: start worker process 32
2026/02/05 15:42:29 [notice] 1#1: start worker process 33
2026/02/05 15:42:29 [notice] 1#1: start worker process 34
2026/02/05 15:42:29 [notice] 1#1: start worker process 35
2026/02/05 15:42:29 [notice] 1#1: start worker process 36
2026/02/05 15:42:57 [error] 29#29: *1 open() "/usr/share/nginx/html/favicon.ico" failed (2: No such file or directory), client: 172.20.0.1, server: localhost, request: "GET /favicon.ico HTTP/1.1", host: "localhost:8080", referrer: "http://localhost:8080/"
2026/02/09 11:31:06 [notice] 1#1: signal 3 (SIGQUIT) received, shutting down
2026/02/09 11:31:06 [notice] 36#36: gracefully shutting down
2026/02/09 11:31:06 [notice] 35#35: gracefully shutting down
2026/02/09 11:31:06 [notice] 30#30: gracefully shutting down
2026/02/09 11:31:06 [notice] 29#29: gracefully shutting down
2026/02/09 11:31:06 [notice] 32#32: gracefully shutting down
2026/02/09 11:31:06 [notice] 33#33: gracefully shutting down
2026/02/09 11:31:06 [notice] 36#36: exiting
2026/02/09 11:31:06 [notice] 34#34: gracefully shutting down
2026/02/09 11:31:06 [notice] 30#30: exiting
2026/02/09 11:31:06 [notice] 35#35: exiting
2026/02/09 11:31:06 [notice] 33#33: exiting
2026/02/09 11:31:06 [notice] 31#31: gracefully shutting down
2026/02/09 11:31:06 [notice] 32#32: exiting
2026/02/09 11:31:06 [notice] 34#34: exiting
2026/02/09 11:31:06 [notice] 29#29: exiting
2026/02/09 11:31:06 [notice] 36#36: exit
2026/02/09 11:31:06 [notice] 33#33: exit
2026/02/09 11:31:06 [notice] 35#35: exit
2026/02/09 11:31:06 [notice] 30#30: exit
2026/02/09 11:31:06 [notice] 34#34: exit
2026/02/09 11:31:06 [notice] 29#29: exit
2026/02/09 11:31:06 [notice] 32#32: exit
2026/02/09 11:31:06 [notice] 31#31: exiting
2026/02/09 11:31:06 [notice] 31#31: exit
2026/02/09 11:29:32 [notice] 1#1: signal 17 (SIGCHLD) received from 35
2026/02/09 11:29:32 [notice] 1#1: worker process 35 exited with code 0
2026/02/09 11:29:32 [notice] 1#1: signal 29 (SIGIO) received
2026/02/09 11:29:32 [notice] 1#1: signal 17 (SIGCHLD) received from 34
2026/02/09 11:29:32 [notice] 1#1: worker process 29 exited with code 0
2026/02/09 11:29:32 [notice] 1#1: worker process 31 exited with code 0
2026/02/09 11:29:32 [notice] 1#1: worker process 32 exited with code 0
2026/02/09 11:29:32 [notice] 1#1: worker process 34 exited with code 0
2026/02/09 11:29:32 [notice] 1#1: signal 29 (SIGIO) received
2026/02/09 11:29:32 [notice] 1#1: signal 17 (SIGCHLD) received from 32
2026/02/09 11:29:32 [notice] 1#1: signal 17 (SIGCHLD) received from 33
2026/02/09 11:29:32 [notice] 1#1: worker process 30 exited with code 0
2026/02/09 11:29:32 [notice] 1#1: worker process 33 exited with code 0
2026/02/09 11:29:32 [notice] 1#1: worker process 36 exited with code 0
2026/02/09 11:29:32 [notice] 1#1: exit
2026/02/09 11:29:34 [emerg] 1#1: directive "access_log" is not terminated by ";" in /etc/nginx/nginx.conf:8
2026/02/10 12:50:09 [emerg] 1#1: directive "access_log" is not terminated by ";" in /etc/nginx/nginx.conf:8
2026/02/10 12:56:39 [emerg] 1#1: directive "access_log" is not terminated by ";" in /etc/nginx/nginx.conf:8
2026/02/10 12:58:27 [emerg] 1#1: directive "access_log" is not terminated by ";" in /etc/nginx/nginx.conf:8
2026/02/10 12:59:26 [emerg] 1#1: directive "access_log" is not terminated by ";" in /etc/nginx/nginx.conf:8
2026/02/10 14:08:34 [emerg] 1#1: directive "access_log" is not terminated by ";" in /etc/nginx/nginx.conf:8
2026/02/10 14:39:39 [emerg] 1#1: directive "access_log" is not terminated by ";" in /etc/nginx/nginx.conf:8
2026/02/10 14:45:19 [emerg] 1#1: directive "access_log" is not terminated by ";" in /etc/nginx/nginx.conf:8
2026/02/16 12:06:30 [emerg] 1#1: directive "access_log" is not terminated by ";" in /etc/nginx/nginx.conf:8
2026/02/16 12:06:48 [emerg] 1#1: directive "access_log" is not terminated by ";" in /etc/nginx/nginx.conf:8
2026/02/16 12:12:01 [emerg] 1#1: directive "access_log" is not terminated by ";" in /etc/nginx/nginx.conf:8
2026/02/16 20:58:31 [emerg] 1#1: directive "access_log" is not terminated by ";" in /etc/nginx/nginx.conf:8
2026/02/16 22:08:54 [emerg] 1#1: directive "access_log" is not terminated by ";" in /etc/nginx/nginx.conf:8
2026/02/16 22:09:50 [emerg] 1#1: directive "access_log" is not terminated by ";" in /etc/nginx/nginx.conf:8
2026/02/16 22:12:49 [emerg] 1#1: directive "access_log" is not terminated by ";" in /etc/nginx/nginx.conf:8
2026/02/16 22:14:12 [emerg] 1#1: directive "access_log" is not terminated by ";" in /etc/nginx/nginx.conf:8
2026/02/16 22:16:49 [emerg] 1#1: directive "access_log" is not terminated by ";" in /etc/nginx/nginx.conf:8
2026/02/16 22:17:13 [emerg] 1#1: directive "access_log" is not terminated by ";" in /etc/nginx/nginx.conf:8
2026/02/16 22:19:50 [emerg] 1#1: directive "access_log" is not terminated by ";" in /etc/nginx/nginx.conf:8
2026/02/16 22:28:49 [emerg] 1#1: directive "access_log" is not terminated by ";" in /etc/nginx/nginx.conf:8
2026/02/16 23:22:22 [emerg] 1#1: directive "access_log" is not terminated by ";" in /etc/nginx/nginx.conf:8
2026/02/16 23:39:57 [emerg] 1#1: directive "access_log" is not terminated by ";" in /etc/nginx/nginx.conf:8
2026/02/17 00:06:42 [emerg] 1#1: directive "access_log" is not terminated by ";" in /etc/nginx/nginx.conf:8
2026/02/17 00:16:24 [emerg] 1#1: directive "access_log" is not terminated by ";" in /etc/nginx/nginx.conf:8
2026/02/19 23:14:49 [emerg] 1#1: directive "access_log" is not terminated by ";" in /etc/nginx/nginx.conf:8
2026/02/19 23:15:07 [emerg] 1#1: directive "access_log" is not terminated by ";" in /etc/nginx/nginx.conf:8
2026/02/19 23:17:11 [emerg] 1#1: directive "access_log" is not terminated by ";" in /etc/nginx/nginx.conf:8
2026/02/21 21:16:56 [emerg] 1#1: directive "access_log" is not terminated by ";" in /etc/nginx/nginx.conf:8
2026/02/21 22:31:49 [emerg] 1#1: directive "access_log" is not terminated by ";" in /etc/nginx/nginx.conf:8
2026/02/22 00:29:37 [emerg] 1#1: directive "access_log" is not terminated by ";" in /etc/nginx/nginx.conf:8
2026/02/22 00:45:03 [emerg] 1#1: directive "access_log" is not terminated by ";" in /etc/nginx/nginx.conf:8
2026/02/22 01:27:33 [emerg] 1#1: directive "access_log" is not terminated by ";" in /etc/nginx/nginx.conf:8
2026/02/22 01:49:48 [emerg] 1#1: directive "access_log" is not terminated by ";" in /etc/nginx/nginx.conf:8
2026/02/22 01:52:10 [emerg] 1#1: directive "access_log" is not terminated by ";" in /etc/nginx/nginx.conf:8
2026/02/22 01:57:50 [emerg] 1#1: directive "access_log" is not terminated by ";" in /etc/nginx/nginx.conf:8
2026/02/22 16:09:20 [emerg] 1#1: directive "access_log" is not terminated by ";" in /etc/nginx/nginx.conf:8
2026/02/22 16:11:33 [emerg] 1#1: directive "access_log" is not terminated by ";" in /etc/nginx/nginx.conf:8
2026/02/22 16:27:06 [emerg] 1#1: directive "access_log" is not terminated by ";" in /etc/nginx/nginx.conf:8
2026/02/22 16:33:01 [emerg] 1#1: directive "access_log" is not terminated by ";" in /etc/nginx/nginx.conf:8
2026/02/22 17:20:01 [emerg] 1#1: directive "access_log" is not terminated by ";" in /etc/nginx/nginx.conf:8
2026/02/22 17:21:47 [emerg] 1#1: directive "access_log" is not terminated by ";" in /etc/nginx/nginx.conf:8
